
=== Run at 2026-09-08T09:39:15.434064 ===
Found 21 current listings across 3 source(s).
New listings: 4 -> ['imotbg:2m169895507453533', 'alobg:11403871', 'bazarbg:55965043', 'bazarbg:55965095']
Email send FAILED: 401 {"statusCode":401,"name":"validation_error","message":"API key is invalid"}
Snapshot updated.

=== Run at 2026-09-08T09:48:46.539982 ===
Found 21 current listings across 3 source(s).
No new listings.
Email send FAILED: 401 {"statusCode":401,"name":"validation_error","message":"API key is invalid"}
Snapshot unchanged.

=== Run at 2026-09-08T09:50:54.887291 ===
Found 21 current listings across 3 source(s).
No new listings.
Email sent OK: 200
Snapshot unchanged.

=== Run at 2026-09-08T10:01:15.401311 ===
Found 21 current listings across 3 source(s).
No new listings.
Email sent OK: 200
Snapshot updated.

=== Run at 2026-09-09T11:11:28.364482 ===
Found 21 current listings across 3 source(s).
No new listings.
Email sent OK: 200
Snapshot unchanged.

=== Run at 2026-09-09T12:01:13.832261 ===
Found 21 current listings across 3 source(s).
No new listings.
Email sent OK: 200
Snapshot unchanged.

=== Run at 2026-09-10T11:55:25.897710 ===
Found 21 current listings across 3 source(s).
No new listings.
Email sent OK: 200
Snapshot unchanged.

=== Run at 2026-09-11T11:54:30.040922 ===
Found 21 current listings across 3 source(s).
No new listings.
Email sent OK: 200
Snapshot unchanged.

=== Run at 2026-09-12T11:20:50.677657 ===
Found 21 current listings across 3 source(s).
No new listings.
Email sent OK: 200
Snapshot unchanged.

=== Run at 2026-09-13T12:24:11.824871 ===
Found 21 current listings across 3 source(s).
No new listings.
Email sent OK: 200
Snapshot unchanged.

=== Run at 2026-09-14T13:26:38.710073 ===
Found 21 current listings across 3 source(s).
No new listings.
Email sent OK: 200
Snapshot updated.

=== Run at 2026-09-15T12:14:07.890767 ===
Found 21 current listings across 3 source(s).
No new listings.
Email sent OK: 200
Snapshot unchanged.

=== Run at 2026-09-16T12:12:21.171278 ===
Found 22 current listings across 3 source(s).
New listings: 1 -> ['bazarbg:53116846']
Email sent OK: 200
Snapshot updated.

=== Run at 2026-09-17T12:13:31.824543 ===
Found 22 current listings across 3 source(s).
No new listings.
Email sent OK: 200
Snapshot unchanged.

=== Run at 2026-09-18T11:53:41.935075 ===
Found 22 current listings across 3 source(s).
No new listings.
Email sent OK: 200
Snapshot unchanged.

=== Run at 2026-09-19T11:37:39.595544 ===
Found 22 current listings across 3 source(s).
No new listings.
Email sent OK: 200
Snapshot unchanged.

=== Run at 2026-09-20T11:51:50.986891 ===
Found 22 current listings across 3 source(s).
No new listings.
Email sent OK: 200
Snapshot unchanged.

=== Run at 2026-09-21T13:23:57.121397 ===
Found 22 current listings across 3 source(s).
No new listings.
Email sent OK: 200
Snapshot unchanged.

=== Run at 2026-09-22T12:05:27.160660 ===
Found 22 current listings across 3 source(s).
No new listings.
Email sent OK: 200
Snapshot unchanged.

=== Run at 2026-09-23T12:19:16.248878 ===
Found 22 current listings across 3 source(s).
No new listings.
Email sent OK: 200
Snapshot unchanged.

=== Run at 2026-09-24T12:19:31.803311 ===
Found 21 current listings across 3 source(s).
No new listings.
Email sent OK: 200
Snapshot updated.

=== Run at 2026-09-25T12:21:10.231890 ===
Found 22 current listings across 3 source(s).
New listings: 1 -> ['bazarbg:56222161']
Email sent OK: 200
Snapshot updated.

=== Run at 2026-09-26T11:52:18.331431 ===
Found 24 current listings across 3 source(s).
New listings: 2 -> ['imotbg:2n179041672125464', 'bazarbg:56232839']
Email sent OK: 200
Snapshot updated.
